#-----------------------------------------------------------
# Vivado v2015.2.1 (64-bit)
# SW Build 1302555 on Wed Aug  5 13:06:02 MDT 2015
# IP Build 1291990 on Mon Jul 27 03:18:52 MDT 2015
# Start of session at: Tue Mar 19 02:00:35 2024
# Process ID: 31492
# Log file: C:/DSL4/Micrprocessor/Microprocessor/vivado.log
# Journal file: C:/DSL4/Micrprocessor/Microprocessor\vivado.jou
#-----------------------------------------------------------
start_gui
open_project C:/DSL4/Micrprocessor/Microprocessor/Microprocessor.xpr
reset_run impl_1
launch_runs impl_1 -jobs 4
wait_on_run impl_1
launch_simulation
source Top_Wrapper_TB.tcl
run 500 ms
run 500 ms
close_sim
reset_run synth_1
launch_runs impl_1 -jobs 4
wait_on_run impl_1
launch_simulation
source Top_Wrapper_TB.tcl
run 600 ms
close_sim
reset_run impl_1
launch_runs impl_1 -jobs 4
wait_on_run impl_1
launch_simulation
source Top_Wrapper_TB.tcl
run 600 ms
close_sim
reset_run synth_1
launch_runs impl_1 -jobs 4
wait_on_run impl_1
launch_simulation
source Top_Wrapper_TB.tcl
run 6 s
close_sim
